(session "ecc83-pp.ses"
  (base_design "ecc83-pp.dsn")
  (placement
    (resolution um 10)
    (component "Footprints:CP_Radial_D10.0mm_P5.00mm"
      (place C1 1416050 -996950 front 90)
    )
    (component "Footprints:C_Disc_D4.7mm_W2.5mm_P5.00mm"
      (place C2 1371600 -1250950 front 90)
    )
    (component "Footprints:MountingHole_3.2mm_M3_DIN965_Pad"
      (place P5 1250950 -939800 front 0)
      (place P6 1695450 -939800 front 0)
      (place P7 1695450 -1327150 front 0)
      (place P8 1250950 -1327150 front 0)
    )
    (component "Footprints:R_Axial_DIN0207_L6.3mm_D2.5mm_P7.62mm_Horizontal"
      (place R1 1362710 -1079500 front 270)
      (place R4 1644650 -1174750 front 270)
      (place R2 1562100 -958850 front 180)
      (place R3 1339850 -1250950 front 180)
    )
    (component "Footprints:Altech_AK300_1x02_P5.00mm_45-Degree"
      (place P2 1282700 -1127760 front 270)
      (place P3 1282700 -1007110 front 270)
      (place P4 1455420 -1311910 front 0)
      (place P1 1663700 -1054100 front 90)
    )
    (component "Footprints:Valve_ECC-83-1"
      (place U1 1492250 -1136650 front 0)
    )
  )
  (was_is
  )
  (routes 
    (resolution um 10)
    (parser
      (host_cad "KiCad's Pcbnew")
      (host_version "10.0.2")
    )
    (library_out 
      (padstack "Via[0-1]_1200:600_um"
        (shape
          (circle "top_cu" 12000 0 0)
        )
        (shape
          (circle "bottom_cu" 12000 0 0)
        )
        (attach off)
      )
    )
    (network_out 
    )
  )
)